Voice Harry (SOYHLrjzK2X1ezoPC6cr), model eleven_multilingual_v2, out C:\Users\öööö\ronki-finch\public\audio\ronki
  skip de_meet_askname_01 (exists)
  skip de_meet_getparent_01 (exists)
  ok   de_meet_knowname_01: 62 KB  'Und dich kenn ich schon! Mama oder Papa haben mir von dir erzählt.'
  ok   de_meet_yes_01: 24 KB  'Schön, dass du da bist!'
  ok   de_handoff_back_01: 23 KB  'Jetzt bist du wieder dran!'
  ok   de_meet_nowiknow_01: 30 KB  'Jetzt kenn ich dich. Schön!'
  ok   de_scan_camera_sleep_01: 54 KB  'Die Kamera schläft noch. Hol mal Mama oder Papa.'
  ok   de_teach_fire_spark_01: 61 KB  'Oh, ein Funke! Nochmal. Ganz lange Luft holen.'
  ok   de_teach_fire_learned_01: 42 KB  'Das hast du mir gezeigt. Das vergess ich nie.'
  ok   de_fd_fire_half_01: 54 KB  'Schau, mein Feuer. Vom Pusten ist es schon halb warm.'
  ok   de_fd_fire_trip_01: 59 KB  'Wenn es ganz warm ist, flieg ich los. Und ich bring dir was mit.'
  ok   de_fd_day1_01: 30 KB  'Heute ist unser erster Tag!'
  ok   de_fd_start_morning_01: 27 KB  'Machen wir zusammen den Morgen?'
  ok   de_fd_start_day_01: 79 KB  'Heute Abend machen wir zusammen mein Feuer warm. Bis dahin bin ich hier im Nest.'
  ok   de_fd_start_evening_01: 53 KB  'Machen wir zusammen den Abend? Dann schlaf ich gut.'
  ok   de_greet_day_01: 41 KB  'Guten Morgen! Ich hab von dir geträumt.'
  ok   de_greet_day_02: 32 KB  'Hallo! Schön, dass du da bist.'
  ok   de_greet_eve_01: 37 KB  'Guten Abend! Schön, dass du da bist.'
  ok   de_return_short_01: 33 KB  'Da bist du ja wieder! Schön.'
  ok   de_return_long_01: 51 KB  'Da bist du ja! Ich freu mich so, dass du wieder da bist.'
  ok   de_mood_ask_01: 22 KB  "Wie geht's dir heute?"
  ok   de_eve_mood_ask_01: 30 KB  'Und du? Wie war dein Tag?'
  ok   de_mood_sit_offer_01: 25 KB  'Magst du kurz bei mir sitzen?'
  ok   de_task_later_01: 24 KB  'Okay, das machen wir gleich.'
  ok   de_fire_lit_01: 20 KB  'Oh, das wärmt!'
  ok   de_fire_full_morning_01: 62 KB  'Mein Feuer ist ganz warm! Jetzt kann ich losfliegen.'
  ok   de_fire_full_evening_01: 44 KB  'Mein Feuer ist warm. Jetzt werd ich müde.'
  ok   de_trip_bye_school_01: 60 KB  'Tschüss! Jetzt geht dein Tag los. Viel Spaß in der Schule!'
  ok   de_trip_bye_free_01: 29 KB  'Tschüss! Viel Spaß heute!'
  ok   de_away_day_01: 52 KB  'Ich bin unterwegs. Wenn es Abend wird, bin ich wieder da.'
  ok   de_away_sleep_01: 42 KB  'Chrrr. Ich träum grad was Schönes.'
  ok   de_home_stay_01: 46 KB  'Heute Abend machen wir mein Feuer zusammen warm.'
  ok   de_trip_back_01: 43 KB  'Ich bin wieder da! Ich hab dir was mitgebracht.'
  ok   de_trip_back_night_01: 60 KB  'Guten Morgen! Heute Nacht bin ich im Traum geflogen. Schau mal!'
  ok   de_trip_again_01: 48 KB  'Da war ich schon mal. Aber es war wieder schön.'
  ok   de_treasure_shelf_01: 25 KB  'Das stellen wir ins Regal.'
  ok   de_night_trip_01: 59 KB  'Heute Nacht flieg ich im Traum los. Zum Frühstück bin ich wieder da.'
  ok   de_eve_moon_01: 30 KB  'Schlafen gehen? Ich komm mit.'
  ok   de_sleep_nest_01: 35 KB  'Schlaf gut. Ich bin hier im Nest.'
  ok   de_grow_left_1: 47 KB  'Nur noch ein Abenteuer, dann werd ich größer!'
  ok   de_grow_left_2: 42 KB  'Noch zwei Abenteuer, dann werd ich größer.'
  ok   de_grow_left_3: 38 KB  'Noch drei Abenteuer, dann werd ich größer.'
  ok   de_grow_left_more: 47 KB  'Noch ein paar Abenteuer, dann werd ich größer.'
  ok   de_grow_top_01: 80 KB  "Größer geht's nicht. Aber ich wachse trotzdem weiter. Innen drin."
  ok   de_grow_stage_2: 38 KB  'Schau mal! Meine Eierschale ist ab!'
  ok   de_grow_stage_3: 38 KB  'Schau mal! Ich kann jetzt richtig stehen!'
  ok   de_grow_stage_4: 30 KB  'Schau mal! Ich hab Flügel!'
  ok   de_grow_stage_5: 61 KB  'Schau mal, wie groß ich bin! Das haben wir zusammen geschafft.'
  ok   de_passport_hello_01: 58 KB  'Das bin ich! Und das alles haben wir zusammen gemacht.'
  ok   de_task_ask_wake: 59 KB  'Stehst du mit mir auf? Allein ist es so still im Zimmer.'
  ok   de_task_ask_water: 69 KB  'Mein Hals ist trocken vom Schlafen. Holst du uns ein Glas Wasser?'
  ok   de_task_ask_wash: 40 KB  'Ich putz mich auch frisch, wenn du dich wäschst.'
  ok   de_task_ask_breakfast: 59 KB  'Mein Bauch grummelt schon. Frühstückst du was Leckeres?'
  ok   de_task_ask_teeth_am: 62 KB  'Putzt du die Zähne? Ich hör so gern, wenn die Bürste rumkratzt.'
  ok   de_task_ask_dress: 52 KB  'Was ziehst du heute an? Ich mag dich in jeder Farbe.'
  ok   de_task_ask_packcheck: 39 KB  'Hast du alles eingepackt, was du heute brauchst?'
  ok   de_task_ask_move: 84 KB  'Ich brauch ein bisschen Bewegung, sonst werd ich ganz steif. Magst du mit mir hüpfen?'
  ok   de_task_ask_outside: 52 KB  'Draußen ist so viel Platz. Spielen wir ein bisschen draußen?'
  ok   de_task_ask_dinner: 58 KB  'Kommst du was essen? Ich setz mich neben dich an den Tisch.'
  ok   de_task_ask_teeth_pm: 78 KB  'Letzte Putzrunde für heute. Sonst bleibt das Abendbrot zwischen den Zähnen kleben.'
  ok   de_task_ask_wash_pm: 53 KB  'Wasch dir den Tag aus dem Gesicht, damit du gut schlafen kannst.'
  ok   de_task_ask_pyjama: 74 KB  "Ich mag, wenn du den weichen Pyjama anziehst. Dann kuschelt sich's besser."
  ok   de_task_ask_cuddle: 40 KB  'Liest du mir noch was vor, bevor wir einschlafen?'
  ok   de_trip_story_01: 104 KB  'Hinter den Birken ist ein kleiner Pfad. Da lag ein rotes Blatt. Wenn die Sonne drauf scheint, leuchtet es.'
  ok   de_trip_hook_01: 63 KB  'Als Nächstes flieg ich zu den Birken. Da ist ein kleiner Pfad.'
  ok   de_trip_story_02: 132 KB  'Auf der Lichtung war es ganz still. Dann ist eine Feder runtergesegelt, direkt vor meine Nase. Ich glaub, der Vogel braucht sie nicht mehr.'
  ok   de_trip_hook_02: 62 KB  'Als Nächstes flieg ich zur Lichtung. Da ist es ganz still.'
  ok   de_trip_story_03: 112 KB  'Am Bach hab ich die Füße ins Wasser gehalten. Brrr, kalt! Dann hab ich einen Stein gefunden, ganz glatt vom Wasser.'
  ok   de_trip_hook_03: 59 KB  'Als Nächstes flieg ich zum Bach. Ich hör ihn schon plätschern.'
  ok   de_trip_story_04: 108 KB  'Unter der dicken Eiche lagen ganz viele Eicheln. Eine hatte noch ihr Hütchen auf. Sieht aus wie eine Mütze für einen Zwerg, oder?'
  ok   de_trip_hook_04: 35 KB  'Als Nächstes flieg ich zur dicken Eiche.'
  ok   de_trip_story_05: 143 KB  'Auf dem warmen Stein lag ein Schneckenhaus. Ich hab ganz leise gefragt, ob jemand zu Hause ist. Keiner. Die Schnecke ist wohl umgezogen.'
  ok   de_trip_hook_05: 43 KB  'Als Nächstes flieg ich zum großen Stein in der Sonne.'
  ok   de_trip_story_06: 122 KB  'Am Wurzelhang wächst Moos, weich wie ein Kissen. Ich hab mich kurz reingelegt. Na gut, ein bisschen länger.'
  ok   de_trip_hook_06: 53 KB  'Als Nächstes flieg ich zum Wurzelhang. Da ist alles weich.'
  ok   de_trip_story_07: 109 KB  'Im Tannenkreis stand ein roter Pilz mit weißen Punkten. Den darf man nicht pflücken. Deshalb hab ich ihn für dich gemalt.'
  ok   de_trip_hook_07: 65 KB  'Als Nächstes flieg ich zum Tannenkreis. Mal sehen, wer da wohnt.'
  ok   de_trip_story_08: 122 KB  'Die Tanne ist so hoch, ich hab die Spitze gar nicht gesehen. Dann ist mir ein Zapfen auf den Kopf gefallen. Plopp!'
  ok   de_trip_hook_08: 53 KB  'Als Nächstes flieg ich zur hohen Tanne. Die ist so hoch!'
  ok   de_trip_story_09: 98 KB  'Auf der Wiese waren ganz viele kleine Blumen. Ich hab bei zwölf aufgehört zu zählen. Die schönste ist für dich.'
  ok   de_trip_hook_09: 39 KB  'Als Nächstes flieg ich zur Wiese am Waldrand.'
  ok   de_trip_story_10: 133 KB  'Der Waldsee war glatt wie ein Spiegel. Ich hab gewunken, und der Ronki im Wasser hat zurückgewunken. Am Ufer lag eine kleine Muschel.'
  ok   de_trip_hook_10: 32 KB  'Als Nächstes flieg ich zum Waldsee.'
  ok   de_trip_story_11: 117 KB  'Am Wegesrand hat es geknistert. Knister, knister. Dieses Blatt sieht aus, als hätte jemand mit Sonne gemalt.'
  ok   de_trip_hook_11: 64 KB  'Als Nächstes flieg ich den Weg entlang. Da knistert es immer.'
  ok   de_trip_story_12: 115 KB  "Auf dem Hügel weht immer Wind. Ein Hase hat mir gezeigt, wie man auf einem Grashalm pfeift. Ich kann's noch nicht so gut. Pfff."
  ok   de_trip_hook_12: 50 KB  'Als Nächstes flieg ich zum Hügel. Da wohnt der Wind.'
  ok   de_trip_story_13: 162 KB  'Ganz oben auf der Wolke war es weich und ein bisschen nass. Ich hab ein Stück ins Glas getan. Guck, es ist fast weg. Wolken sind so.'
  ok   de_trip_hook_13: 46 KB  'Als Nächstes flieg ich ganz hoch, zu den Wolken!'
  ok   de_trip_story_14: 128 KB  'Auf dem Hügel liegen Steine, die glitzern wie kleine Sterne. Ich hab den glitzerigsten ausgesucht. Der ist für dich.'
  ok   de_trip_hook_14: 53 KB  'Als Nächstes flieg ich zum Sternenhügel. Da glitzert es.'
gen exit 0
