  ok  1.00 de_meet_askname_01: heard 'Und wie heißt du?'
  ok  0.90 de_meet_getparent_01: heard 'Jetzt brauche ich kurz Mama oder Papa. Holst du sie?'
  ok  1.00 de_meet_knowname_01: heard 'Und dich kenn ich schon. Mama oder Papa haben mir von dir erzählt.'
  ok  1.00 de_meet_yes_01: heard 'Schön, dass du da bist.'
  ok  1.00 de_handoff_back_01: heard 'Jetzt bist du wieder dran.'
  ok  1.00 de_meet_nowiknow_01: heard 'Jetzt kenn ich dich. Schön!'
  ok  1.00 de_scan_camera_sleep_01: heard 'Die Kamera schläft noch. Hol mal Mama oder Papa.'
  ok  1.00 de_teach_fire_spark_01: heard 'Oh, ein Funke! Nochmal, ganz lange Luft holen.'
  ok  0.89 de_teach_fire_learned_01: heard 'Das hast du mir gezeigt. Das vergesse ich nie.'
  ok  1.00 de_fd_fire_half_01: heard 'Schau, mein Feuer, vom Pusten ist es schon halb warm.'
  ok  1.00 de_fd_fire_trip_01: heard 'Wenn es ganz warm ist, flieg ich los und ich bring dir was mit.'
  ok  1.00 de_fd_day1_01: heard 'Heute ist unser erster Tag.'
  ok  1.00 de_fd_start_morning_01: heard 'Machen wir zusammen den Morgen?'
  ok  1.00 de_fd_start_day_01: heard 'Heute Abend machen wir zusammen mein Feuer warm. Bis dahin bin ich hier im Nest.'
  ok  1.00 de_fd_start_evening_01: heard 'Machen wir zusammen den Abend? Dann schlaf ich gut.'
  ok  1.00 de_greet_day_01: heard 'Guten Morgen. Ich hab von dir geträumt.'
  ok  1.00 de_greet_day_02: heard 'Hallo, schön, dass du da bist.'
  ok  1.00 de_greet_eve_01: heard 'Guten Abend. Schön, dass du da bist.'
  ok  1.00 de_return_short_01: heard 'Da bist du ja wieder. Schön.'
  ok  0.92 de_return_long_01: heard 'Da bist du ja. Ich freue mich so, dass du wieder da bist.'
  ok  1.00 de_mood_ask_01: heard "Wie geht's dir heute?"
  ok  1.00 de_eve_mood_ask_01: heard 'Und du? Wie war dein Tag?'
  ok  1.00 de_mood_sit_offer_01: heard 'Magst du kurz bei mir sitzen?'
  ok  1.00 de_task_later_01: heard 'Okay, das machen wir gleich.'
  ok  1.00 de_fire_lit_01: heard 'Oh, das wärmt.'
  ok  1.00 de_fire_full_morning_01: heard 'Mein Feuer ist ganz warm. Jetzt kann ich losfliegen.'
  ok  0.88 de_fire_full_evening_01: heard 'Mein Feuer ist warm. Jetzt werde ich müde.'
  ok  1.00 de_trip_bye_school_01: heard 'Tschüss. Jetzt geht dein Tag los. Viel Spaß in der Schule.'
  ok  1.00 de_trip_bye_free_01: heard 'Tschüss, viel Spaß heute.'
  ok  1.00 de_away_day_01: heard 'Ich bin unterwegs. Wenn es Abend wird, bin ich wieder da.'
  ok  0.83 de_away_sleep_01: heard 'Ich träum grad was Schönes.'
  ok  1.00 de_home_stay_01: heard 'Heute Abend machen wir mein Feuer zusammen warm.'
  ok  1.00 de_trip_back_01: heard 'Ich bin wieder da. Ich hab dir was mitgebracht.'
  ok  1.00 de_trip_back_night_01: heard 'Guten Morgen. Heute Nacht bin ich im Traum geflogen. Schau mal.'
  ok  1.00 de_trip_again_01: heard 'Da war ich schon mal, aber es war wieder schön.'
  ok  1.00 de_treasure_shelf_01: heard 'Das stellen wir ins Regal.'
  ok  1.00 de_night_trip_01: heard 'Heute Nacht flieg ich im Traum los. Zum Frühstück bin ich wieder da.'
  ok  1.00 de_eve_moon_01: heard 'Schlafen gehen? Ich komm mit.'
  ok  1.00 de_sleep_nest_01: heard 'Schlaf gut, ich bin hier im Nest.'
  ok  0.88 de_grow_left_1: heard 'Nur noch ein Abenteuer, dann werde ich größer.'
  ok  0.86 de_grow_left_2: heard 'Noch zwei Abenteuer, dann werde ich größer.'
  ok  0.86 de_grow_left_3: heard 'Noch drei Abenteuer, dann werde ich größer.'
  ok  0.88 de_grow_left_more: heard 'Noch ein paar Abenteuer, dann werde ich größer.'
  ok  1.00 de_grow_top_01: heard "Größer geht's nicht. Aber ich wachse trotzdem weiter. Innen drin."
  ok  1.00 de_grow_stage_2: heard 'Schau mal, meine Eierschale ist ab.'
  ok  1.00 de_grow_stage_3: heard 'Schau mal, ich kann jetzt richtig stehen.'
  ok  1.00 de_grow_stage_4: heard 'Schau mal, ich hab Flügel.'
  ok  1.00 de_grow_stage_5: heard 'Schau mal, wie groß ich bin. Das haben wir zusammen geschafft.'
  ok  1.00 de_passport_hello_01: heard 'Das bin ich. Und das alles haben wir zusammen gemacht.'
  ok  1.00 de_task_ask_wake: heard 'Stehst du mit mir auf? Allein ist es so still im Zimmer.'
  ok  1.00 de_task_ask_water: heard 'Mein Hals ist trocken vom Schlafen. Holst du uns ein Glas Wasser?'
  ok  1.00 de_task_ask_wash: heard 'Ich putz mich auch frisch, wenn du dich wäschst.'
  ok  1.00 de_task_ask_breakfast: heard 'Mein Bauch grummelt schon. Frühstückst du was Leckeres?'
  ok  1.00 de_task_ask_teeth_am: heard 'Putzt du die Zähne? Ich hör so gern, wenn die Bürste rumkratzt.'
  ok  1.00 de_task_ask_dress: heard 'Was ziehst du heute an? Ich mag dich in jeder Farbe.'
  ok  1.00 de_task_ask_packcheck: heard 'Hast du alles eingepackt, was du heute brauchst?'
  ok  0.87 de_task_ask_move: heard 'Ich brauche ein bisschen Bewegung, sonst werde ich ganz steif. Magst du mit mir hüpfen?'
  ok  1.00 de_task_ask_outside: heard 'Draußen ist so viel Platz. Spielen wir ein bisschen draußen?'
  ok  1.00 de_task_ask_dinner: heard 'Kommst du was essen? Ich setz mich neben dich an den Tisch.'
  ok  1.00 de_task_ask_teeth_pm: heard 'Letzte Putzrunde für heute. Sonst bleibt das Abendbrot zwischen den Zähnen kleben.'
  ok  1.00 de_task_ask_wash_pm: heard 'Wasch dir den Tag aus dem Gesicht, damit du gut schlafen kannst.'
  ok  1.00 de_task_ask_pyjama: heard "Ich mag, wenn du den weichen Pyjama anziehst. Dann kuschelt sich's besser."
  ok  1.00 de_task_ask_cuddle: heard 'Liest du mir noch was vor, bevor wir einschlafen?'
  ok  1.00 de_trip_story_01: heard 'Hinter den Birken ist ein kleiner Pfad. Da lag ein rotes Blatt. Wenn die Sonne drauf scheint, leuchtet es.'
  ok  1.00 de_trip_hook_01: heard 'Als nächstes flieg ich zu den Birken. Da ist ein kleiner Pfad.'
  ok  1.00 de_trip_story_02: heard 'Auf der Lichtung war es ganz still. Dann ist eine Feder runtergesegelt, direkt vor meine Nase. Ich glaub, der Vogel braucht sie nicht mehr.'
  ok  1.00 de_trip_hook_02: heard 'Als nächstes flieg ich zur Lichtung. Da ist es ganz still.'
  ok  0.90 de_trip_story_03: heard 'Am Bach habe ich die Füße ins Wasser gehalten. Brrr, kalt! Dann habe ich einen Stein gefunden, ganz glatt vom Wasser.'
  ok  1.00 de_trip_hook_03: heard 'Als nächstes flieg ich zum Bach. Ich hör ihn schon plätschern.'
  ok  1.00 de_trip_story_04: heard 'Unter der dicken Eiche lagen ganz viele Eicheln. Eine hatte noch ihr Hütchen auf. Sieht aus wie eine Mütze für einen Zwerg, oder?'
  ok  1.00 de_trip_hook_04: heard 'Als nächstes flieg ich zur dicken Eiche.'
  ok  0.96 de_trip_story_05: heard 'Auf dem warmen Stein lag ein Schneckenhaus. Ich habe ganz leise gefragt, ob jemand zu Hause ist. Keiner. Die Schnecke ist wohl umgezogen.'
  ok  1.00 de_trip_hook_05: heard 'Als nächstes flieg ich zum großen Stein in der Sonne.'
  ok  1.00 de_trip_story_06: heard 'Am Wurzelhang wächst Moos, weich wie ein Kissen. Ich hab mich kurz reingelegt. Na gut, ein bisschen länger.'
  ok  1.00 de_trip_hook_06: heard 'Als nächstes flieg ich zum Wurzelhang. Da ist alles weich.'
  ok  0.95 de_trip_story_07: heard 'Im Tannenkreis stand ein roter Pilz mit weißen Punkten. Den darf man nicht pflücken, deshalb habe ich ihn für dich gemalt.'
  ok  1.00 de_trip_hook_07: heard 'Als nächstes flieg ich zum Tannenkreis. Mal sehen, wer da wohnt.'
  ok  1.00 de_trip_story_08: heard 'Die Tanne ist so hoch, ich hab die Spitze gar nicht gesehen. Dann ist mir ein Zapfen auf den Kopf gefallen. Plopp!'
  ok  0.82 de_trip_hook_08: heard 'Als nächstes flieg ich zur Hohentanne. Die ist so hoch!'
  ok  1.00 de_trip_story_09: heard 'Auf der Wiese waren ganz viele kleine Blumen. Ich hab bei zwölf aufgehört zu zählen. Die schönste ist für dich.'
  ok  0.88 de_trip_hook_09: heard 'Als nächstes fliege ich zur Wiese am Waldrand.'
  ok  1.00 de_trip_story_10: heard 'Der Waldsee war glatt wie ein Spiegel. Ich hab gewunken und der Ronki im Wasser hat zurückgewunken. Am Ufer lag eine kleine Muschel.'
  ok  1.00 de_trip_hook_10: heard 'Als nächstes flieg ich zum Waldsee.'
  ok  1.00 de_trip_story_11: heard 'Am Wegesrand hat es geknistert. Knister, knister. Dieses Blatt sieht aus, als hätte jemand mit Sonne gemalt.'
  ok  1.00 de_trip_hook_11: heard 'Als nächstes flieg ich den Weg entlang. Da knistert es immer.'
  ok  0.96 de_trip_story_12: heard "Auf dem Hügel weht immer Wind. Ein Hase hat mir gezeigt, wie man auf einem Grashalm pfeift. Ich kann's noch nicht so gut."
  ok  1.00 de_trip_hook_12: heard 'Als nächstes flieg ich zum Hügel. Da wohnt der Wind.'
  ok  1.00 de_trip_story_13: heard 'Ganz oben auf der Wolke war es weich und ein bisschen nass. Ich hab ein Stück ins Glas getan. Guck, es ist fast weg. Wolken sind so.'
  ok  1.00 de_trip_hook_13: heard 'Als nächstes flieg ich ganz hoch, zu den Wolken.'
  ok  1.00 de_trip_story_14: heard 'Auf dem Hügel liegen Steine, die glitzern wie kleine Sterne. Ich hab den Glitzerigsten ausgesucht. Der ist für dich.'
  ok  1.00 de_trip_hook_14: heard 'Als nächstes flieg ich zum Sternenhügel. Da glitzert es.'
91 of 91 ok
